/home/cicuvc/cs/project/dism-exp/experiments/delta_copy_study/run.py:105: UserWarning: Converting a tensor with requires_grad=True to a scalar may lead to unexpected behavior.
Consider using tensor.detach() first. (Triggered internally at /__w/pytorch/pytorch/torch/csrc/autograd/generated/python_variable_methods.cpp:822.)
  row=dict(step=step+1,loss=float(loss),grad_norm=float(norm),seconds=time.time()-start)
temperature 0 {'step': 50, 'loss': 4.875, 'grad_norm': 0.19489163160324097, 'seconds': 2.6871581077575684}
temperature 0 {'step': 100, 'loss': 4.71875, 'grad_norm': 0.21215447783470154, 'seconds': 4.047074794769287}
temperature 0 {'step': 150, 'loss': 0.341796875, 'grad_norm': 0.4229183793067932, 'seconds': 5.422423601150513}
temperature 0 {'step': 200, 'loss': 0.275390625, 'grad_norm': 0.24667814373970032, 'seconds': 6.797961711883545}
temperature 0 {'step': 250, 'loss': 0.2158203125, 'grad_norm': 0.18630491197109222, 'seconds': 8.04858660697937}
EVAL temperature 0 250 [{'score': 'hard', 'gate': 'hard', 'loss': 0.734319680929184, 'accuracy': 0.8692871093749999, 'after8_accuracy': 0.8933036148548127, 'keep_fraction': 0.9999999999999999, 'uncertain_fraction': 0.0}, {'score': 'hard', 'gate': 'soft', 'loss': 0.7343081176280976, 'accuracy': 0.8693115234374998, 'after8_accuracy': 0.8933315217494966, 'keep_fraction': 0.9999999999999999, 'uncertain_fraction': 0.0}, {'score': 'hard', 'gate': 'unit_soft', 'loss': 0.734272265434265, 'accuracy': 0.8693115234374998, 'after8_accuracy': 0.8933594167232515, 'keep_fraction': 0.9999999999999999, 'uncertain_fraction': 0.0}, {'score': 'mixed', 'gate': 'native', 'loss': 0.22173759341239926, 'accuracy': 0.9634765624999999, 'after8_accuracy': 0.9892857551574707, 'keep_fraction': 0.9999999999999999, 'uncertain_fraction': 0.0}, {'score': 'mixed', 'gate': 'hard', 'loss': 0.22172651290893552, 'accuracy': 0.9634521484374999, 'after8_accuracy': 0.9892857611179353, 'keep_fraction': 0.9999999999999999, 'uncertain_fraction': 0.0}]
temperature 0 {'step': 300, 'loss': 0.1728515625, 'grad_norm': 0.13459818065166473, 'seconds': 9.686726808547974}
temperature 0 {'step': 350, 'loss': 0.169921875, 'grad_norm': 0.1454656422138214, 'seconds': 11.050911664962769}
temperature 0 {'step': 400, 'loss': 0.1650390625, 'grad_norm': 0.10485011339187622, 'seconds': 12.41550326347351}
temperature 0 {'step': 450, 'loss': 0.1435546875, 'grad_norm': 0.1225452721118927, 'seconds': 13.78182339668274}
temperature 0 {'step': 500, 'loss': 0.150390625, 'grad_norm': 0.12256775796413422, 'seconds': 15.161947965621948}
EVAL temperature 0 500 [{'score': 'hard', 'gate': 'hard', 'loss': 0.2838289260864258, 'accuracy': 0.9490478515625, 'after8_accuracy': 0.9716797292232514, 'keep_fraction': 0.9999999999999999, 'uncertain_fraction': 0.0}, {'score': 'hard', 'gate': 'soft', 'loss': 0.2838304787874222, 'accuracy': 0.9490478515625, 'after8_accuracy': 0.9716797292232514, 'keep_fraction': 0.9999999999999999, 'uncertain_fraction': 0.0}, {'score': 'hard', 'gate': 'unit_soft', 'loss': 0.2837319314479828, 'accuracy': 0.94912109375, 'after8_accuracy': 0.971763426065445, 'keep_fraction': 0.9999999999999999, 'uncertain_fraction': 0.0}, {'score': 'mixed', 'gate': 'native', 'loss': 0.15962911248207093, 'accuracy': 0.9728271484375, 'after8_accuracy': 0.9956473708152771, 'keep_fraction': 0.9999999999999999, 'uncertain_fraction': 0.0}, {'score': 'mixed', 'gate': 'hard', 'loss': 0.15962978750467302, 'accuracy': 0.9728515624999999, 'after8_accuracy': 0.9956473708152771, 'keep_fraction': 0.9999999999999999, 'uncertain_fraction': 0.0}]
temperature 0 {'step': 550, 'loss': 0.1474609375, 'grad_norm': 0.08988281339406967, 'seconds': 16.82731580734253}
temperature 0 {'step': 600, 'loss': 0.154296875, 'grad_norm': 0.08593074977397919, 'seconds': 18.15144681930542}
temperature 0 {'step': 650, 'loss': 0.1435546875, 'grad_norm': 0.09078371524810791, 'seconds': 19.492777109146118}
temperature 0 {'step': 700, 'loss': 0.154296875, 'grad_norm': 0.09529534727334976, 'seconds': 20.872139930725098}
temperature 0 {'step': 750, 'loss': 0.162109375, 'grad_norm': 0.08709654957056046, 'seconds': 22.249244213104248}
EVAL temperature 0 750 [{'score': 'hard', 'gate': 'hard', 'loss': 0.1763539046049118, 'accuracy': 0.9694091796875, 'after8_accuracy': 0.9918248236179351, 'keep_fraction': 0.9999999999999999, 'uncertain_fraction': 0.0}, {'score': 'hard', 'gate': 'soft', 'loss': 0.1763545587658882, 'accuracy': 0.9694091796875, 'after8_accuracy': 0.9918248236179351, 'keep_fraction': 0.9999999999999999, 'uncertain_fraction': 0.0}, {'score': 'hard', 'gate': 'unit_soft', 'loss': 0.17626606971025469, 'accuracy': 0.9694580078125, 'after8_accuracy': 0.9918248236179352, 'keep_fraction': 0.9999999999999999, 'uncertain_fraction': 0.0}, {'score': 'mixed', 'gate': 'native', 'loss': 0.14868152588605882, 'accuracy': 0.9742187499999999, 'after8_accuracy': 0.9964565038681029, 'keep_fraction': 0.9999999999999999, 'uncertain_fraction': 0.0}, {'score': 'mixed', 'gate': 'hard', 'loss': 0.14868152588605882, 'accuracy': 0.9742187499999999, 'after8_accuracy': 0.9964565038681029, 'keep_fraction': 0.9999999999999999, 'uncertain_fraction': 0.0}]
temperature 0 {'step': 800, 'loss': 0.15234375, 'grad_norm': 0.08902035653591156, 'seconds': 23.922146558761597}
temperature 0 {'step': 850, 'loss': 0.1513671875, 'grad_norm': 0.08374874293804169, 'seconds': 25.273295402526855}
temperature 0 {'step': 900, 'loss': 0.158203125, 'grad_norm': 0.08288299292325974, 'seconds': 26.60032296180725}
temperature 0 {'step': 950, 'loss': 0.1630859375, 'grad_norm': 0.08683861047029495, 'seconds': 27.922634840011597}
temperature 0 {'step': 1000, 'loss': 0.1552734375, 'grad_norm': 0.07585208117961884, 'seconds': 29.23522925376892}
EVAL temperature 0 1000 [{'score': 'hard', 'gate': 'hard', 'loss': 0.1613875925540924, 'accuracy': 0.9718994140624999, 'after8_accuracy': 0.9942243695259095, 'keep_fraction': 0.9999999999999999, 'uncertain_fraction': 0.0}, {'score': 'hard', 'gate': 'soft', 'loss': 0.1613875925540924, 'accuracy': 0.9718994140624999, 'after8_accuracy': 0.9942243695259095, 'keep_fraction': 0.9999999999999999, 'uncertain_fraction': 0.0}, {'score': 'hard', 'gate': 'unit_soft', 'loss': 0.16126221120357515, 'accuracy': 0.9718994140625, 'after8_accuracy': 0.9941685616970063, 'keep_fraction': 0.9999999999999999, 'uncertain_fraction': 0.0}, {'score': 'mixed', 'gate': 'native', 'loss': 0.16119613200426103, 'accuracy': 0.97197265625, 'after8_accuracy': 0.9943080723285675, 'keep_fraction': 0.9999999999999999, 'uncertain_fraction': 0.0}, {'score': 'mixed', 'gate': 'hard', 'loss': 0.16119613200426103, 'accuracy': 0.97197265625, 'after8_accuracy': 0.9943080723285675, 'keep_fraction': 0.9999999999999999, 'uncertain_fraction': 0.0}]
random 0 {'step': 50, 'loss': 4.875, 'grad_norm': 0.19486463069915771, 'seconds': 1.3337066173553467}
random 0 {'step': 100, 'loss': 4.71875, 'grad_norm': 0.21601732075214386, 'seconds': 2.753478765487671}
random 0 {'step': 150, 'loss': 0.31640625, 'grad_norm': 0.3664352595806122, 'seconds': 4.181923866271973}
random 0 {'step': 200, 'loss': 0.23828125, 'grad_norm': 0.1997942328453064, 'seconds': 5.56122088432312}
random 0 {'step': 250, 'loss': 0.2080078125, 'grad_norm': 0.16753360629081726, 'seconds': 6.942585468292236}
EVAL random 0 250 [{'score': 'hard', 'gate': 'hard', 'loss': 0.6364844679832459, 'accuracy': 0.8838134765625, 'after8_accuracy': 0.9073661208152771, 'keep_fraction': 0.98629150390625, 'uncertain_fraction': 0.059283447265625004}, {'score': 'hard', 'gate': 'soft', 'loss': 0.636322844028473, 'accuracy': 0.8839599609374998, 'after8_accuracy': 0.9075335323810578, 'keep_fraction': 0.98629150390625, 'uncertain_fraction': 0.059283447265625004}, {'score': 'hard', 'gate': 'unit_soft', 'loss': 0.636322844028473, 'accuracy': 0.8839599609374998, 'after8_accuracy': 0.9075335323810578, 'keep_fraction': 0.98629150390625, 'uncertain_fraction': 0.059283447265625004}, {'score': 'mixed', 'gate': 'native', 'loss': 0.19477005153894425, 'accuracy': 0.9672119140625, 'after8_accuracy': 0.9931083083152772, 'keep_fraction': 0.98629150390625, 'uncertain_fraction': 0.059283447265625004}, {'score': 'mixed', 'gate': 'hard', 'loss': 0.19474892616271972, 'accuracy': 0.9671630859375, 'after8_accuracy': 0.9930804014205933, 'keep_fraction': 0.98629150390625, 'uncertain_fraction': 0.059283447265625004}]
random 0 {'step': 300, 'loss': 0.1630859375, 'grad_norm': 0.14158129692077637, 'seconds': 8.612342834472656}
random 0 {'step': 350, 'loss': 0.177734375, 'grad_norm': 0.12328820675611496, 'seconds': 9.9462411403656}
random 0 {'step': 400, 'loss': 0.1640625, 'grad_norm': 0.11639438569545746, 'seconds': 11.319713592529297}
random 0 {'step': 450, 'loss': 0.1669921875, 'grad_norm': 0.1343333125114441, 'seconds': 12.686584711074829}
random 0 {'step': 500, 'loss': 0.15625, 'grad_norm': 0.1168467104434967, 'seconds': 14.051608085632324}
EVAL random 0 500 [{'score': 'hard', 'gate': 'hard', 'loss': 0.28048638105392454, 'accuracy': 0.9501220703125, 'after8_accuracy': 0.9726841866970062, 'keep_fraction': 0.992059326171875, 'uncertain_fraction': 0.098480224609375}, {'score': 'hard', 'gate': 'soft', 'loss': 0.2734271645545959, 'accuracy': 0.9512939453124999, 'after8_accuracy': 0.9737723708152771, 'keep_fraction': 0.992059326171875, 'uncertain_fraction': 0.098480224609375}, {'score': 'hard', 'gate': 'unit_soft', 'loss': 0.2734271645545959, 'accuracy': 0.9512939453124999, 'after8_accuracy': 0.9737723708152771, 'keep_fraction': 0.992059326171875, 'uncertain_fraction': 0.098480224609375}, {'score': 'mixed', 'gate': 'native', 'loss': 0.1648214057087898, 'accuracy': 0.971728515625, 'after8_accuracy': 0.9942801892757415, 'keep_fraction': 0.992059326171875, 'uncertain_fraction': 0.098480224609375}, {'score': 'mixed', 'gate': 'hard', 'loss': 0.16613187342882155, 'accuracy': 0.9714599609375001, 'after8_accuracy': 0.9940569758415222, 'keep_fraction': 0.992059326171875, 'uncertain_fraction': 0.098480224609375}]
random 0 {'step': 550, 'loss': 0.1650390625, 'grad_norm': 0.10519114881753922, 'seconds': 15.72434115409851}
random 0 {'step': 600, 'loss': 0.16796875, 'grad_norm': 0.11776469647884369, 'seconds': 17.069326639175415}
random 0 {'step': 650, 'loss': 0.1474609375, 'grad_norm': 0.09640786051750183, 'seconds': 18.467328310012817}
random 0 {'step': 700, 'loss': 0.1572265625, 'grad_norm': 0.09530171751976013, 'seconds': 19.880358695983887}
random 0 {'step': 750, 'loss': 0.16796875, 'grad_norm': 0.10652288794517517, 'seconds': 21.28685450553894}
EVAL random 0 750 [{'score': 'hard', 'gate': 'hard', 'loss': 0.20114807337522508, 'accuracy': 0.96494140625, 'after8_accuracy': 0.9878069579601287, 'keep_fraction': 0.9741943359374999, 'uncertain_fraction': 0.15589599609375}, {'score': 'hard', 'gate': 'soft', 'loss': 0.18679898083209992, 'accuracy': 0.967431640625, 'after8_accuracy': 0.9903460204601288, 'keep_fraction': 0.9741943359374999, 'uncertain_fraction': 0.15589599609375}, {'score': 'hard', 'gate': 'unit_soft', 'loss': 0.18679898083209992, 'accuracy': 0.967431640625, 'after8_accuracy': 0.9903460204601288, 'keep_fraction': 0.9741943359374999, 'uncertain_fraction': 0.15589599609375}, {'score': 'mixed', 'gate': 'native', 'loss': 0.16454402953386305, 'accuracy': 0.9713134765625001, 'after8_accuracy': 0.9940569639205933, 'keep_fraction': 0.9741943359374999, 'uncertain_fraction': 0.15589599609375}, {'score': 'mixed', 'gate': 'hard', 'loss': 0.16676730215549465, 'accuracy': 0.9709228515624999, 'after8_accuracy': 0.9935547351837157, 'keep_fraction': 0.9741943359374999, 'uncertain_fraction': 0.15589599609375}]
random 0 {'step': 800, 'loss': 0.1611328125, 'grad_norm': 0.09000561386346817, 'seconds': 23.069969415664673}
random 0 {'step': 850, 'loss': 0.1806640625, 'grad_norm': 0.09447771310806274, 'seconds': 24.513434410095215}
random 0 {'step': 900, 'loss': 0.166015625, 'grad_norm': 0.08647938072681427, 'seconds': 25.889369010925293}
random 0 {'step': 950, 'loss': 0.1787109375, 'grad_norm': 0.08681914955377579, 'seconds': 27.259416580200195}
random 0 {'step': 1000, 'loss': 0.1796875, 'grad_norm': 0.08520117402076721, 'seconds': 28.639440536499023}
EVAL random 0 1000 [{'score': 'hard', 'gate': 'hard', 'loss': 0.17732219249010084, 'accuracy': 0.9688476562499999, 'after8_accuracy': 0.9916574120521545, 'keep_fraction': 0.970343017578125, 'uncertain_fraction': 0.16370239257812502}, {'score': 'hard', 'gate': 'soft', 'loss': 0.16540271788835526, 'accuracy': 0.9710693359375001, 'after8_accuracy': 0.9940848588943482, 'keep_fraction': 0.970343017578125, 'uncertain_fraction': 0.16370239257812502}, {'score': 'hard', 'gate': 'unit_soft', 'loss': 0.16540271788835526, 'accuracy': 0.9710693359375001, 'after8_accuracy': 0.9940848588943482, 'keep_fraction': 0.970343017578125, 'uncertain_fraction': 0.16370239257812502}, {'score': 'mixed', 'gate': 'native', 'loss': 0.17796993702650069, 'accuracy': 0.9686767578125001, 'after8_accuracy': 0.9914620995521545, 'keep_fraction': 0.970343017578125, 'uncertain_fraction': 0.16370239257812502}, {'score': 'mixed', 'gate': 'hard', 'loss': 0.17796993702650069, 'accuracy': 0.9686767578125001, 'after8_accuracy': 0.9914620995521545, 'keep_fraction': 0.970343017578125, 'uncertain_fraction': 0.16370239257812502}]
shared 0 {'step': 50, 'loss': 4.875, 'grad_norm': 0.19494619965553284, 'seconds': 1.3268027305603027}
shared 0 {'step': 100, 'loss': 4.71875, 'grad_norm': 0.2137380987405777, 'seconds': 2.706768751144409}
shared 0 {'step': 150, 'loss': 0.326171875, 'grad_norm': 0.37712737917900085, 'seconds': 4.081707000732422}
shared 0 {'step': 200, 'loss': 0.255859375, 'grad_norm': 0.23741021752357483, 'seconds': 5.448753356933594}
shared 0 {'step': 250, 'loss': 0.201171875, 'grad_norm': 0.16915349662303925, 'seconds': 6.830070495605469}
EVAL shared 0 250 [{'score': 'hard', 'gate': 'hard', 'loss': 0.6587902605533601, 'accuracy': 0.8813232421875, 'after8_accuracy': 0.9072266042232513, 'keep_fraction': 0.99383544921875, 'uncertain_fraction': 0.063433837890625}, {'score': 'hard', 'gate': 'soft', 'loss': 0.6587779223918915, 'accuracy': 0.88134765625, 'after8_accuracy': 0.9072266042232513, 'keep_fraction': 0.99383544921875, 'uncertain_fraction': 0.063433837890625}, {'score': 'hard', 'gate': 'unit_soft', 'loss': 0.6587779223918915, 'accuracy': 0.88134765625, 'after8_accuracy': 0.9072266042232513, 'keep_fraction': 0.99383544921875, 'uncertain_fraction': 0.063433837890625}, {'score': 'mixed', 'gate': 'native', 'loss': 0.2125301867723465, 'accuracy': 0.9651611328125, 'after8_accuracy': 0.9927176713943482, 'keep_fraction': 0.99383544921875, 'uncertain_fraction': 0.063433837890625}, {'score': 'mixed', 'gate': 'hard', 'loss': 0.21253993213176728, 'accuracy': 0.96513671875, 'after8_accuracy': 0.9927176713943482, 'keep_fraction': 0.99383544921875, 'uncertain_fraction': 0.063433837890625}]
shared 0 {'step': 300, 'loss': 0.1708984375, 'grad_norm': 0.1292753368616104, 'seconds': 8.49540901184082}
shared 0 {'step': 350, 'loss': 0.1728515625, 'grad_norm': 0.13413824141025543, 'seconds': 9.819624662399292}
shared 0 {'step': 400, 'loss': 0.1611328125, 'grad_norm': 0.1087023988366127, 'seconds': 11.154431343078613}
shared 0 {'step': 450, 'loss': 0.1533203125, 'grad_norm': 0.10749265551567078, 'seconds': 12.523199319839478}
shared 0 {'step': 500, 'loss': 0.14453125, 'grad_norm': 0.1075822189450264, 'seconds': 13.901222944259644}
EVAL shared 0 500 [{'score': 'hard', 'gate': 'hard', 'loss': 0.25874798744916916, 'accuracy': 0.9537841796875, 'after8_accuracy': 0.9771205782890321, 'keep_fraction': 0.9806884765624999, 'uncertain_fraction': 0.12940673828125002}, {'score': 'hard', 'gate': 'soft', 'loss': 0.24275479018688204, 'accuracy': 0.95654296875, 'after8_accuracy': 0.9799944519996644, 'keep_fraction': 0.9806884765624999, 'uncertain_fraction': 0.12940673828125002}, {'score': 'hard', 'gate': 'unit_soft', 'loss': 0.24275479018688204, 'accuracy': 0.95654296875, 'after8_accuracy': 0.9799944519996644, 'keep_fraction': 0.9806884765624999, 'uncertain_fraction': 0.12940673828125002}, {'score': 'mixed', 'gate': 'native', 'loss': 0.15667336732149126, 'accuracy': 0.9729736328124999, 'after8_accuracy': 0.9959263920783996, 'keep_fraction': 0.9806884765624999, 'uncertain_fraction': 0.12940673828125002}, {'score': 'mixed', 'gate': 'hard', 'loss': 0.159097395837307, 'accuracy': 0.972607421875, 'after8_accuracy': 0.9955636560916901, 'keep_fraction': 0.9806884765624999, 'uncertain_fraction': 0.12940673828125002}]
shared 0 {'step': 550, 'loss': 0.169921875, 'grad_norm': 0.09734096378087997, 'seconds': 15.564786195755005}
shared 0 {'step': 600, 'loss': 0.16015625, 'grad_norm': 0.08992675691843033, 'seconds': 16.896743297576904}
shared 0 {'step': 650, 'loss': 0.140625, 'grad_norm': 0.08815400302410126, 'seconds': 18.22805619239807}
shared 0 {'step': 700, 'loss': 0.1328125, 'grad_norm': 0.08778738975524902, 'seconds': 19.591903924942017}
shared 0 {'step': 750, 'loss': 0.1484375, 'grad_norm': 0.08555508404970169, 'seconds': 20.97066831588745}
EVAL shared 0 750 [{'score': 'hard', 'gate': 'hard', 'loss': 0.17616088092327117, 'accuracy': 0.9694580078125, 'after8_accuracy': 0.9922154426574706, 'keep_fraction': 0.986004638671875, 'uncertain_fraction': 0.123284912109375}, {'score': 'hard', 'gate': 'soft', 'loss': 0.1683992192149162, 'accuracy': 0.9704589843749999, 'after8_accuracy': 0.9933594107627869, 'keep_fraction': 0.986004638671875, 'uncertain_fraction': 0.123284912109375}, {'score': 'hard', 'gate': 'unit_soft', 'loss': 0.1683992192149162, 'accuracy': 0.9704589843749999, 'after8_accuracy': 0.9933594107627869, 'keep_fraction': 0.986004638671875, 'uncertain_fraction': 0.123284912109375}, {'score': 'mixed', 'gate': 'native', 'loss': 0.14658908396959303, 'accuracy': 0.9738769531250001, 'after8_accuracy': 0.9960938036441802, 'keep_fraction': 0.986004638671875, 'uncertain_fraction': 0.123284912109375}, {'score': 'mixed', 'gate': 'hard', 'loss': 0.14767499566078185, 'accuracy': 0.9738525390625, 'after8_accuracy': 0.9960100948810576, 'keep_fraction': 0.986004638671875, 'uncertain_fraction': 0.123284912109375}]
shared 0 {'step': 800, 'loss': 0.15234375, 'grad_norm': 0.09219386428594589, 'seconds': 22.688134908676147}
shared 0 {'step': 850, 'loss': 0.1416015625, 'grad_norm': 0.08038784563541412, 'seconds': 24.06523823738098}
shared 0 {'step': 900, 'loss': 0.15234375, 'grad_norm': 0.07870866358280182, 'seconds': 25.443150520324707}
shared 0 {'step': 950, 'loss': 0.1552734375, 'grad_norm': 0.08014456927776337, 'seconds': 26.820006370544434}
shared 0 {'step': 1000, 'loss': 0.1474609375, 'grad_norm': 0.07558254152536392, 'seconds': 28.20853066444397}
EVAL shared 0 1000 [{'score': 'hard', 'gate': 'hard', 'loss': 0.1558322012424469, 'accuracy': 0.9725585937500001, 'after8_accuracy': 0.9946149945259094, 'keep_fraction': 0.9900207519531249, 'uncertain_fraction': 0.10947875976562499}, {'score': 'hard', 'gate': 'soft', 'loss': 0.15164819061756132, 'accuracy': 0.973291015625, 'after8_accuracy': 0.9953683435916901, 'keep_fraction': 0.9900207519531249, 'uncertain_fraction': 0.10947875976562499}, {'score': 'hard', 'gate': 'unit_soft', 'loss': 0.15164819061756132, 'accuracy': 0.973291015625, 'after8_accuracy': 0.9953683435916901, 'keep_fraction': 0.9900207519531249, 'uncertain_fraction': 0.10947875976562499}, {'score': 'mixed', 'gate': 'native', 'loss': 0.15665715485811232, 'accuracy': 0.9725830078125, 'after8_accuracy': 0.9946428894996644, 'keep_fraction': 0.9900207519531249, 'uncertain_fraction': 0.10947875976562499}, {'score': 'mixed', 'gate': 'hard', 'loss': 0.15665715485811232, 'accuracy': 0.9725830078125, 'after8_accuracy': 0.9946428894996644, 'keep_fraction': 0.9900207519531249, 'uncertain_fraction': 0.10947875976562499}]
temperature 1 {'step': 50, 'loss': 4.84375, 'grad_norm': 0.1999746859073639, 'seconds': 1.3212769031524658}
temperature 1 {'step': 100, 'loss': 3.5, 'grad_norm': 0.7580651044845581, 'seconds': 2.6195597648620605}
temperature 1 {'step': 150, 'loss': 0.2890625, 'grad_norm': 0.3052866458892822, 'seconds': 3.8624367713928223}
temperature 1 {'step': 200, 'loss': 0.1767578125, 'grad_norm': 0.19053420424461365, 'seconds': 5.233468770980835}
temperature 1 {'step': 250, 'loss': 0.158203125, 'grad_norm': 0.1532403826713562, 'seconds': 6.605104446411133}
EVAL temperature 1 250 [{'score': 'hard', 'gate': 'hard', 'loss': 0.5451309382915497, 'accuracy': 0.9007080078125002, 'after8_accuracy': 0.9253069639205934, 'keep_fraction': 0.98424072265625, 'uncertain_fraction': 0.051654052734375004}, {'score': 'hard', 'gate': 'soft', 'loss': 0.545139166712761, 'accuracy': 0.9007080078125, 'after8_accuracy': 0.9253348648548128, 'keep_fraction': 0.98424072265625, 'uncertain_fraction': 0.051654052734375004}, {'score': 'hard', 'gate': 'unit_soft', 'loss': 0.5450728356838226, 'accuracy': 0.900732421875, 'after8_accuracy': 0.925362765789032, 'keep_fraction': 0.98424072265625, 'uncertain_fraction': 0.051654052734375004}, {'score': 'mixed', 'gate': 'native', 'loss': 0.18319059014320374, 'accuracy': 0.9692626953125, 'after8_accuracy': 0.9949219346046448, 'keep_fraction': 0.98424072265625, 'uncertain_fraction': 0.051654052734375004}, {'score': 'mixed', 'gate': 'hard', 'loss': 0.18317063003778455, 'accuracy': 0.9692626953125, 'after8_accuracy': 0.9949219346046448, 'keep_fraction': 0.98424072265625, 'uncertain_fraction': 0.051654052734375004}]
temperature 1 {'step': 300, 'loss': 0.1513671875, 'grad_norm': 0.15388239920139313, 'seconds': 8.261391639709473}
temperature 1 {'step': 350, 'loss': 0.1669921875, 'grad_norm': 0.16606302559375763, 'seconds': 9.634944677352905}
temperature 1 {'step': 400, 'loss': 0.1416015625, 'grad_norm': 0.14080505073070526, 'seconds': 11.01082444190979}
temperature 1 {'step': 450, 'loss': 0.162109375, 'grad_norm': 0.1085880845785141, 'seconds': 12.38558554649353}
temperature 1 {'step': 500, 'loss': 0.1943359375, 'grad_norm': 0.13883011043071747, 'seconds': 13.771129608154297}
EVAL temperature 1 500 [{'score': 'hard', 'gate': 'hard', 'loss': 0.3604118645191193, 'accuracy': 0.935546875, 'after8_accuracy': 0.9578683376312256, 'keep_fraction': 0.9902832031250001, 'uncertain_fraction': 0.002197265625}, {'score': 'hard', 'gate': 'soft', 'loss': 0.3604110896587372, 'accuracy': 0.935546875, 'after8_accuracy': 0.9578683376312256, 'keep_fraction': 0.9902832031250001, 'uncertain_fraction': 0.002197265625}, {'score': 'hard', 'gate': 'unit_soft', 'loss': 0.36037773489952085, 'accuracy': 0.9355224609375, 'after8_accuracy': 0.9578404366970061, 'keep_fraction': 0.9902832031250001, 'uncertain_fraction': 0.002197265625}, {'score': 'mixed', 'gate': 'native', 'loss': 0.18919359296560284, 'accuracy': 0.9672607421874999, 'after8_accuracy': 0.9890904366970062, 'keep_fraction': 0.9902832031250001, 'uncertain_fraction': 0.002197265625}, {'score': 'mixed', 'gate': 'hard', 'loss': 0.18919421285390856, 'accuracy': 0.9672607421874999, 'after8_accuracy': 0.9890904366970062, 'keep_fraction': 0.9902832031250001, 'uncertain_fraction': 0.002197265625}]
temperature 1 {'step': 550, 'loss': 0.205078125, 'grad_norm': 0.11575104296207428, 'seconds': 15.470141887664795}
temperature 1 {'step': 600, 'loss': 0.1748046875, 'grad_norm': 0.11253846436738968, 'seconds': 16.847532987594604}
temperature 1 {'step': 650, 'loss': 0.1591796875, 'grad_norm': 0.08568564057350159, 'seconds': 18.085182428359985}
temperature 1 {'step': 700, 'loss': 0.173828125, 'grad_norm': 0.11062492430210114, 'seconds': 19.391457557678223}
temperature 1 {'step': 750, 'loss': 0.1689453125, 'grad_norm': 0.09881830960512161, 'seconds': 20.76229691505432}
EVAL temperature 1 750 [{'score': 'hard', 'gate': 'hard', 'loss': 0.21051510125398637, 'accuracy': 0.9613037109375001, 'after8_accuracy': 0.9821987032890319, 'keep_fraction': 0.9922729492187499, 'uncertain_fraction': 0.0}, {'score': 'hard', 'gate': 'soft', 'loss': 0.21051406860351562, 'accuracy': 0.9613037109375001, 'after8_accuracy': 0.9821987032890319, 'keep_fraction': 0.9922729492187499, 'uncertain_fraction': 0.0}, {'score': 'hard', 'gate': 'unit_soft', 'loss': 0.21054703444242476, 'accuracy': 0.96123046875, 'after8_accuracy': 0.9821429014205932, 'keep_fraction': 0.9922729492187499, 'uncertain_fraction': 0.0}, {'score': 'mixed', 'gate': 'native', 'loss': 0.16851600110530854, 'accuracy': 0.9698242187499999, 'after8_accuracy': 0.9897600889205934, 'keep_fraction': 0.9922729492187499, 'uncertain_fraction': 0.0}, {'score': 'mixed', 'gate': 'hard', 'loss': 0.1685162916779518, 'accuracy': 0.9698242187499999, 'after8_accuracy': 0.9897600889205934, 'keep_fraction': 0.9922729492187499, 'uncertain_fraction': 0.0}]
temperature 1 {'step': 800, 'loss': 0.150390625, 'grad_norm': 0.09149305522441864, 'seconds': 22.430278778076172}
temperature 1 {'step': 850, 'loss': 0.1650390625, 'grad_norm': 0.10430314391851425, 'seconds': 23.760534048080444}
temperature 1 {'step': 900, 'loss': 0.171875, 'grad_norm': 0.10589200258255005, 'seconds': 25.080750942230225}
temperature 1 {'step': 950, 'loss': 0.1904296875, 'grad_norm': 0.10654038190841675, 'seconds': 26.39576816558838}
temperature 1 {'step': 1000, 'loss': 0.173828125, 'grad_norm': 0.10208914428949356, 'seconds': 27.75509285926819}
EVAL temperature 1 1000 [{'score': 'hard', 'gate': 'hard', 'loss': 0.18777976632118226, 'accuracy': 0.9623535156249999, 'after8_accuracy': 0.9825056195259095, 'keep_fraction': 0.9922729492187499, 'uncertain_fraction': 0.0}, {'score': 'hard', 'gate': 'soft', 'loss': 0.18777832388877871, 'accuracy': 0.9623535156249999, 'after8_accuracy': 0.9825056195259095, 'keep_fraction': 0.9922729492187499, 'uncertain_fraction': 0.0}, {'score': 'hard', 'gate': 'unit_soft', 'loss': 0.18779389411211012, 'accuracy': 0.96240234375, 'after8_accuracy': 0.9825056195259094, 'keep_fraction': 0.9922729492187499, 'uncertain_fraction': 0.0}, {'score': 'mixed', 'gate': 'native', 'loss': 0.18501495718955996, 'accuracy': 0.9630126953125, 'after8_accuracy': 0.9830357551574707, 'keep_fraction': 0.9922729492187499, 'uncertain_fraction': 0.0}, {'score': 'mixed', 'gate': 'hard', 'loss': 0.1850163206458092, 'accuracy': 0.9630126953125, 'after8_accuracy': 0.9830357551574707, 'keep_fraction': 0.9922729492187499, 'uncertain_fraction': 0.0}]
random 1 {'step': 50, 'loss': 4.84375, 'grad_norm': 0.19983628392219543, 'seconds': 1.3336498737335205}
random 1 {'step': 100, 'loss': 3.671875, 'grad_norm': 0.8536840081214905, 'seconds': 2.6804416179656982}
random 1 {'step': 150, 'loss': 0.287109375, 'grad_norm': 0.290024995803833, 'seconds': 4.056643962860107}
random 1 {'step': 200, 'loss': 0.19921875, 'grad_norm': 0.1943858563899994, 'seconds': 5.434244394302368}
random 1 {'step': 250, 'loss': 0.1572265625, 'grad_norm': 0.15964441001415253, 'seconds': 6.7842772006988525}
EVAL random 1 250 [{'score': 'hard', 'gate': 'hard', 'loss': 0.5403659105300903, 'accuracy': 0.9018798828125001, 'after8_accuracy': 0.925083750486374, 'keep_fraction': 0.972991943359375, 'uncertain_fraction': 0.16292724609374998}, {'score': 'hard', 'gate': 'soft', 'loss': 0.5403190135955811, 'accuracy': 0.9019775390624999, 'after8_accuracy': 0.9251953542232514, 'keep_fraction': 0.972991943359375, 'uncertain_fraction': 0.16292724609374998}, {'score': 'hard', 'gate': 'unit_soft', 'loss': 0.5403190135955811, 'accuracy': 0.9019775390624999, 'after8_accuracy': 0.9251953542232514, 'keep_fraction': 0.972991943359375, 'uncertain_fraction': 0.16292724609374998}, {'score': 'mixed', 'gate': 'native', 'loss': 0.17685641646385197, 'accuracy': 0.9706298828125001, 'after8_accuracy': 0.9948382139205932, 'keep_fraction': 0.972991943359375, 'uncertain_fraction': 0.16292724609374998}, {'score': 'mixed', 'gate': 'hard', 'loss': 0.176870433986187, 'accuracy': 0.9705810546875001, 'after8_accuracy': 0.9948103129863739, 'keep_fraction': 0.972991943359375, 'uncertain_fraction': 0.16292724609374998}]
random 1 {'step': 300, 'loss': 0.16796875, 'grad_norm': 0.161784365773201, 'seconds': 8.449125289916992}
random 1 {'step': 350, 'loss': 0.15234375, 'grad_norm': 0.13686558604240417, 'seconds': 9.780784368515015}
random 1 {'step': 400, 'loss': 0.1494140625, 'grad_norm': 0.10815701633691788, 'seconds': 11.114006042480469}
random 1 {'step': 450, 'loss': 0.1474609375, 'grad_norm': 0.140536829829216, 'seconds': 12.449855327606201}
random 1 {'step': 500, 'loss': 0.158203125, 'grad_norm': 0.11071792244911194, 'seconds': 13.777715921401978}
EVAL random 1 500 [{'score': 'hard', 'gate': 'hard', 'loss': 0.27861938327550884, 'accuracy': 0.9505126953125, 'after8_accuracy': 0.9725446820259095, 'keep_fraction': 0.986175537109375, 'uncertain_fraction': 0.110382080078125}, {'score': 'hard', 'gate': 'soft', 'loss': 0.27675256133079523, 'accuracy': 0.9510498046875, 'after8_accuracy': 0.9730748236179352, 'keep_fraction': 0.986175537109375, 'uncertain_fraction': 0.110382080078125}, {'score': 'hard', 'gate': 'unit_soft', 'loss': 0.27675256133079523, 'accuracy': 0.9510498046875, 'after8_accuracy': 0.9730748236179352, 'keep_fraction': 0.986175537109375, 'uncertain_fraction': 0.110382080078125}, {'score': 'mixed', 'gate': 'native', 'loss': 0.16595197319984437, 'accuracy': 0.9723632812499999, 'after8_accuracy': 0.9936663389205933, 'keep_fraction': 0.986175537109375, 'uncertain_fraction': 0.110382080078125}, {'score': 'mixed', 'gate': 'hard', 'loss': 0.16659750640392307, 'accuracy': 0.9722656249999999, 'after8_accuracy': 0.9935547292232514, 'keep_fraction': 0.986175537109375, 'uncertain_fraction': 0.110382080078125}]
random 1 {'step': 550, 'loss': 0.1787109375, 'grad_norm': 0.11870793998241425, 'seconds': 15.432695388793945}
random 1 {'step': 600, 'loss': 0.1689453125, 'grad_norm': 0.10615938156843185, 'seconds': 16.79971718788147}
random 1 {'step': 650, 'loss': 0.142578125, 'grad_norm': 0.12017460912466049, 'seconds': 18.1883225440979}
random 1 {'step': 700, 'loss': 0.1181640625, 'grad_norm': 0.12052978575229645, 'seconds': 19.573572397232056}
random 1 {'step': 750, 'loss': 0.1474609375, 'grad_norm': 0.11399542540311813, 'seconds': 20.950591564178467}
EVAL random 1 750 [{'score': 'hard', 'gate': 'hard', 'loss': 0.191087181866169, 'accuracy': 0.959228515625, 'after8_accuracy': 0.9750558495521546, 'keep_fraction': 0.986480712890625, 'uncertain_fraction': 0.09014892578125}, {'score': 'hard', 'gate': 'soft', 'loss': 0.18807568848133085, 'accuracy': 0.9599365234375, 'after8_accuracy': 0.9756696820259094, 'keep_fraction': 0.986480712890625, 'uncertain_fraction': 0.09014892578125}, {'score': 'hard', 'gate': 'unit_soft', 'loss': 0.18807568848133085, 'accuracy': 0.9599365234375, 'after8_accuracy': 0.9756696820259094, 'keep_fraction': 0.986480712890625, 'uncertain_fraction': 0.09014892578125}, {'score': 'mixed', 'gate': 'native', 'loss': 0.1357464723289013, 'accuracy': 0.9703124999999999, 'after8_accuracy': 0.9856585204601288, 'keep_fraction': 0.986480712890625, 'uncertain_fraction': 0.09014892578125}, {'score': 'mixed', 'gate': 'hard', 'loss': 0.13624086678028108, 'accuracy': 0.9702148437499999, 'after8_accuracy': 0.985519015789032, 'keep_fraction': 0.986480712890625, 'uncertain_fraction': 0.09014892578125}]
random 1 {'step': 800, 'loss': 0.13671875, 'grad_norm': 0.10829489678144455, 'seconds': 22.606248378753662}
random 1 {'step': 850, 'loss': 0.15234375, 'grad_norm': 0.10828716307878494, 'seconds': 23.92484974861145}
random 1 {'step': 900, 'loss': 0.1474609375, 'grad_norm': 0.1134430468082428, 'seconds': 25.286543130874634}
random 1 {'step': 950, 'loss': 0.1259765625, 'grad_norm': 0.10417809337377548, 'seconds': 26.654820680618286}
random 1 {'step': 1000, 'loss': 0.162109375, 'grad_norm': 0.10297776013612747, 'seconds': 28.017189264297485}
EVAL random 1 1000 [{'score': 'hard', 'gate': 'hard', 'loss': 0.14374870210886, 'accuracy': 0.9687255859374998, 'after8_accuracy': 0.9833984792232514, 'keep_fraction': 0.98663330078125, 'uncertain_fraction': 0.08839111328125}, {'score': 'hard', 'gate': 'soft', 'loss': 0.13832080736756325, 'accuracy': 0.96982421875, 'after8_accuracy': 0.984542453289032, 'keep_fraction': 0.98663330078125, 'uncertain_fraction': 0.08839111328125}, {'score': 'hard', 'gate': 'unit_soft', 'loss': 0.13832080736756325, 'accuracy': 0.96982421875, 'after8_accuracy': 0.984542453289032, 'keep_fraction': 0.98663330078125, 'uncertain_fraction': 0.08839111328125}, {'score': 'mixed', 'gate': 'native', 'loss': 0.14432019516825675, 'accuracy': 0.9684814453125, 'after8_accuracy': 0.9833984851837159, 'keep_fraction': 0.98663330078125, 'uncertain_fraction': 0.08839111328125}, {'score': 'mixed', 'gate': 'hard', 'loss': 0.14432019516825675, 'accuracy': 0.9684814453125, 'after8_accuracy': 0.9833984851837159, 'keep_fraction': 0.98663330078125, 'uncertain_fraction': 0.08839111328125}]
shared 1 {'step': 50, 'loss': 4.84375, 'grad_norm': 0.19997777044773102, 'seconds': 1.3332135677337646}
shared 1 {'step': 100, 'loss': 3.765625, 'grad_norm': 0.8894745111465454, 'seconds': 2.692436456680298}
shared 1 {'step': 150, 'loss': 0.314453125, 'grad_norm': 0.3240484595298767, 'seconds': 4.0650646686553955}
shared 1 {'step': 200, 'loss': 0.1806640625, 'grad_norm': 0.17889782786369324, 'seconds': 5.432079315185547}
shared 1 {'step': 250, 'loss': 0.1689453125, 'grad_norm': 0.1502438336610794, 'seconds': 6.806274175643921}
EVAL shared 1 250 [{'score': 'hard', 'gate': 'hard', 'loss': 0.6269857347011566, 'accuracy': 0.8835449218750001, 'after8_accuracy': 0.9054966926574708, 'keep_fraction': 0.974151611328125, 'uncertain_fraction': 0.19495849609375}, {'score': 'hard', 'gate': 'soft', 'loss': 0.6269650101661682, 'accuracy': 0.883544921875, 'after8_accuracy': 0.9054966866970063, 'keep_fraction': 0.974151611328125, 'uncertain_fraction': 0.19495849609375}, {'score': 'hard', 'gate': 'unit_soft', 'loss': 0.6269650101661682, 'accuracy': 0.883544921875, 'after8_accuracy': 0.9054966866970063, 'keep_fraction': 0.974151611328125, 'uncertain_fraction': 0.19495849609375}, {'score': 'mixed', 'gate': 'native', 'loss': 0.1779872089624405, 'accuracy': 0.9696289062500001, 'after8_accuracy': 0.9933873176574707, 'keep_fraction': 0.974151611328125, 'uncertain_fraction': 0.19495849609375}, {'score': 'mixed', 'gate': 'hard', 'loss': 0.1779756337404251, 'accuracy': 0.9696044921875001, 'after8_accuracy': 0.9933594167232512, 'keep_fraction': 0.974151611328125, 'uncertain_fraction': 0.19495849609375}]
shared 1 {'step': 300, 'loss': 0.15234375, 'grad_norm': 0.15797871351242065, 'seconds': 8.481026649475098}
shared 1 {'step': 350, 'loss': 0.150390625, 'grad_norm': 0.12340376526117325, 'seconds': 9.845407009124756}
shared 1 {'step': 400, 'loss': 0.1513671875, 'grad_norm': 0.12000592797994614, 'seconds': 11.214772462844849}
shared 1 {'step': 450, 'loss': 0.1689453125, 'grad_norm': 0.12775197625160217, 'seconds': 12.584858179092407}
shared 1 {'step': 500, 'loss': 0.16796875, 'grad_norm': 0.12856054306030273, 'seconds': 13.964449882507324}
EVAL shared 1 500 [{'score': 'hard', 'gate': 'hard', 'loss': 0.3313809305429459, 'accuracy': 0.9396728515625001, 'after8_accuracy': 0.9611328482627869, 'keep_fraction': 0.992181396484375, 'uncertain_fraction': 0.108734130859375}, {'score': 'hard', 'gate': 'soft', 'loss': 0.33135213553905485, 'accuracy': 0.939697265625, 'after8_accuracy': 0.9611607491970062, 'keep_fraction': 0.992181396484375, 'uncertain_fraction': 0.108734130859375}, {'score': 'hard', 'gate': 'unit_soft', 'loss': 0.33135213553905485, 'accuracy': 0.939697265625, 'after8_accuracy': 0.9611607491970062, 'keep_fraction': 0.992181396484375, 'uncertain_fraction': 0.108734130859375}, {'score': 'mixed', 'gate': 'native', 'loss': 0.17584932297468184, 'accuracy': 0.9699707031250001, 'after8_accuracy': 0.9910156667232514, 'keep_fraction': 0.992181396484375, 'uncertain_fraction': 0.108734130859375}, {'score': 'mixed', 'gate': 'hard', 'loss': 0.17585103511810302, 'accuracy': 0.969970703125, 'after8_accuracy': 0.9909877657890319, 'keep_fraction': 0.992181396484375, 'uncertain_fraction': 0.108734130859375}]
shared 1 {'step': 550, 'loss': 0.201171875, 'grad_norm': 0.10444615036249161, 'seconds': 15.62588357925415}
shared 1 {'step': 600, 'loss': 0.19140625, 'grad_norm': 0.11546783894300461, 'seconds': 16.967029333114624}
shared 1 {'step': 650, 'loss': 0.162109375, 'grad_norm': 0.11559442430734634, 'seconds': 18.33672571182251}
shared 1 {'step': 700, 'loss': 0.1416015625, 'grad_norm': 0.11665641516447067, 'seconds': 19.708971738815308}
shared 1 {'step': 750, 'loss': 0.169921875, 'grad_norm': 0.11532336473464966, 'seconds': 21.064984560012817}
EVAL shared 1 750 [{'score': 'hard', 'gate': 'hard', 'loss': 0.2161426335573196, 'accuracy': 0.9584716796875, 'after8_accuracy': 0.9770647764205933, 'keep_fraction': 0.9134948730468749, 'uncertain_fraction': 0.19317626953125}, {'score': 'hard', 'gate': 'soft', 'loss': 0.21719476133584975, 'accuracy': 0.958203125, 'after8_accuracy': 0.9766462445259094, 'keep_fraction': 0.9134948730468749, 'uncertain_fraction': 0.19317626953125}, {'score': 'hard', 'gate': 'unit_soft', 'loss': 0.21719476133584975, 'accuracy': 0.958203125, 'after8_accuracy': 0.9766462445259094, 'keep_fraction': 0.9134948730468749, 'uncertain_fraction': 0.19317626953125}, {'score': 'mixed', 'gate': 'native', 'loss': 0.16145473569631574, 'accuracy': 0.9689697265625, 'after8_accuracy': 0.9866350889205933, 'keep_fraction': 0.9134948730468749, 'uncertain_fraction': 0.19317626953125}, {'score': 'mixed', 'gate': 'hard', 'loss': 0.16097296029329303, 'accuracy': 0.969091796875, 'after8_accuracy': 0.986886215209961, 'keep_fraction': 0.9134948730468749, 'uncertain_fraction': 0.19317626953125}]
shared 1 {'step': 800, 'loss': 0.1767578125, 'grad_norm': 0.11044256389141083, 'seconds': 22.72030544281006}
shared 1 {'step': 850, 'loss': 0.16015625, 'grad_norm': 0.10544909536838531, 'seconds': 24.069923877716064}
shared 1 {'step': 900, 'loss': 0.1484375, 'grad_norm': 0.1003558561205864, 'seconds': 25.445032835006714}
shared 1 {'step': 950, 'loss': 0.1533203125, 'grad_norm': 0.11453748494386673, 'seconds': 26.812579870224}
shared 1 {'step': 1000, 'loss': 0.1669921875, 'grad_norm': 0.1006222516298294, 'seconds': 28.17445683479309}
EVAL shared 1 1000 [{'score': 'hard', 'gate': 'hard', 'loss': 0.16939006745815277, 'accuracy': 0.965625, 'after8_accuracy': 0.9831194639205931, 'keep_fraction': 0.8561462402343749, 'uncertain_fraction': 0.181402587890625}, {'score': 'hard', 'gate': 'soft', 'loss': 0.16914317458868025, 'accuracy': 0.9650878906249998, 'after8_accuracy': 0.9820870995521547, 'keep_fraction': 0.8561462402343749, 'uncertain_fraction': 0.181402587890625}, {'score': 'hard', 'gate': 'unit_soft', 'loss': 0.16914317458868025, 'accuracy': 0.9650878906249998, 'after8_accuracy': 0.9820870995521547, 'keep_fraction': 0.8561462402343749, 'uncertain_fraction': 0.181402587890625}, {'score': 'mixed', 'gate': 'native', 'loss': 0.1702253744006157, 'accuracy': 0.9652099609375, 'after8_accuracy': 0.982394015789032, 'keep_fraction': 0.8561462402343749, 'uncertain_fraction': 0.181402587890625}, {'score': 'mixed', 'gate': 'hard', 'loss': 0.1702253744006157, 'accuracy': 0.9652099609375, 'after8_accuracy': 0.982394015789032, 'keep_fraction': 0.8561462402343749, 'uncertain_fraction': 0.181402587890625}]
