========= COMPUTE-SANITIZER
/root/miniconda3/lib/python3.12/site-packages/requests/__init__.py:109: RequestsDependencyWarning: urllib3 (2.1.0) or chardet (7.6.0)/charset_normalizer (2.0.4) doesn't match a supported version!
  warnings.warn(
========= Error: Race reported between Read access at void dism_r32_d64_v64::wmma_tma_wasp_persistent_summarization_kernel<KernelConfig<(int)32, (int)64, (int)64>>(dism_r32_d64_v64::TmaSummarizationKernelArgs)+0x2bb0
=========     and Write access at void dism_r32_d64_v64::wmma_tma_wasp_persistent_summarization_kernel<KernelConfig<(int)32, (int)64, (int)64>>(dism_r32_d64_v64::TmaSummarizationKernelArgs)+0x1030 [512 hazards]
=========     and Write access at void dism_r32_d64_v64::wmma_tma_wasp_persistent_summarization_kernel<KernelConfig<(int)32, (int)64, (int)64>>(dism_r32_d64_v64::TmaSummarizationKernelArgs)+0x1040 [512 hazards]
========= 
========= Error: Race reported between Write access at void dism_r32_d64_v64::wmma_tma_wasp_persistent_summarization_kernel<KernelConfig<(int)32, (int)64, (int)64>>(dism_r32_d64_v64::TmaSummarizationKernelArgs)+0x1010
=========     and Read access at void dism_r32_d64_v64::wmma_tma_wasp_persistent_summarization_kernel<KernelConfig<(int)32, (int)64, (int)64>>(dism_r32_d64_v64::TmaSummarizationKernelArgs)+0x2c80 [64 hazards]
=========     and Read access at void dism_r32_d64_v64::wmma_tma_wasp_persistent_summarization_kernel<KernelConfig<(int)32, (int)64, (int)64>>(dism_r32_d64_v64::TmaSummarizationKernelArgs)+0x2cc0 [64 hazards]
=========     and Read access at void dism_r32_d64_v64::wmma_tma_wasp_persistent_summarization_kernel<KernelConfig<(int)32, (int)64, (int)64>>(dism_r32_d64_v64::TmaSummarizationKernelArgs)+0x2d00 [64 hazards]
=========     and Read access at void dism_r32_d64_v64::wmma_tma_wasp_persistent_summarization_kernel<KernelConfig<(int)32, (int)64, (int)64>>(dism_r32_d64_v64::TmaSummarizationKernelArgs)+0x2d30 [64 hazards]
========= 
========= Error: Race reported between Write access at void dism_r32_d64_v64::wmma_tma_wasp_persistent_summarization_kernel<KernelConfig<(int)32, (int)64, (int)64>>(dism_r32_d64_v64::TmaSummarizationKernelArgs)+0x1470
=========     and Read access at void dism_r32_d64_v64::wmma_tma_wasp_persistent_summarization_kernel<KernelConfig<(int)32, (int)64, (int)64>>(dism_r32_d64_v64::TmaSummarizationKernelArgs)+0x3290 [16 hazards]
=========     and Read access at void dism_r32_d64_v64::wmma_tma_wasp_persistent_summarization_kernel<KernelConfig<(int)32, (int)64, (int)64>>(dism_r32_d64_v64::TmaSummarizationKernelArgs)+0x32d0 [16 hazards]
=========     and Read access at void dism_r32_d64_v64::wmma_tma_wasp_persistent_summarization_kernel<KernelConfig<(int)32, (int)64, (int)64>>(dism_r32_d64_v64::TmaSummarizationKernelArgs)+0x3310 [16 hazards]
=========     and Read access at void dism_r32_d64_v64::wmma_tma_wasp_persistent_summarization_kernel<KernelConfig<(int)32, (int)64, (int)64>>(dism_r32_d64_v64::TmaSummarizationKernelArgs)+0x3350 [16 hazards]
=========     and Read access at void dism_r32_d64_v64::wmma_tma_wasp_persistent_summarization_kernel<KernelConfig<(int)32, (int)64, (int)64>>(dism_r32_d64_v64::TmaSummarizationKernelArgs)+0x3390 [16 hazards]
=========     and Read access at void dism_r32_d64_v64::wmma_tma_wasp_persistent_summarization_kernel<KernelConfig<(int)32, (int)64, (int)64>>(dism_r32_d64_v64::TmaSummarizationKernelArgs)+0x33d0 [16 hazards]
========= 
========= Error: Race reported between Write access at void dism_r32_d64_v64::dism_forward_kernel<(bool)0, KernelConfig<(int)32, (int)64, (int)64>>(dism_r32_d64_v64::dism_forward::ArgsT<T1>)+0x1240
=========     and Read access at void dism_r32_d64_v64::dism_forward_kernel<(bool)0, KernelConfig<(int)32, (int)64, (int)64>>(dism_r32_d64_v64::dism_forward::ArgsT<T1>)+0x3980 [1536 hazards]
========= 
========= Error: Race reported between Write access at void dism_r32_d64_v64::dism_forward_kernel<(bool)0, KernelConfig<(int)32, (int)64, (int)64>>(dism_r32_d64_v64::dism_forward::ArgsT<T1>)+0x1390
=========     and Read access at void dism_r32_d64_v64::dism_forward_kernel<(bool)0, KernelConfig<(int)32, (int)64, (int)64>>(dism_r32_d64_v64::dism_forward::ArgsT<T1>)+0x39e0 [512 hazards]
========= 
========= Error: Race reported between Write access at void dism_r32_d64_v64::dism_forward_kernel<(bool)0, KernelConfig<(int)32, (int)64, (int)64>>(dism_r32_d64_v64::dism_forward::ArgsT<T1>)+0x13a0
=========     and Read access at void dism_r32_d64_v64::dism_forward_kernel<(bool)0, KernelConfig<(int)32, (int)64, (int)64>>(dism_r32_d64_v64::dism_forward::ArgsT<T1>)+0x3a30 [192 hazards]
=========     and Read access at void dism_r32_d64_v64::dism_forward_kernel<(bool)0, KernelConfig<(int)32, (int)64, (int)64>>(dism_r32_d64_v64::dism_forward::ArgsT<T1>)+0x3a50 [192 hazards]
========= 
fixed forward/backward passed
========= RACECHECK SUMMARY: 6 hazards displayed (6 errors, 0 warnings)
